---
source: tests/integration/cli/tests/snapshot.rs
expression: snapshot
---
{
  "spec": {
    "name": "snapshot::test_snapshot_pipes",
    "use_packages": [
      "sharrattj/coreutils"
    ],
    "include_webcs": [
      {
        "name": "sharrattj/coreutils@1.0.16"
      }
    ],
    "cli_args": [],
    "enable_threads": true,
    "enable_network": false
  },
  "result": {
    "Success": {
      "stdout": "this text should be printed by the parent\n",
      "stderr": "this text should be printed by the child\n",
      "exit_code": 0
    }
  }
}
