---
source: tests/integration/cli/tests/snapshot.rs
expression: snapshot
---
{
  "spec": {
    "name": "snapshot::test_snapshot_signals_async",
    "use_packages": [],
    "include_webcs": [],
    "cli_args": [],
    "enable_threads": true,
    "enable_network": false,
    "enable_async_threads": true
  },
  "result": {
    "Success": {
      "stdout": "received SIGHUP\n",
      "stderr": "",
      "exit_code": 0
    }
  }
}
