---
source: tests/integration/cli/tests/snapshot.rs
expression: snapshot
---
{
  "spec": {
    "name": "snapshot::test_snapshot_longjump",
    "use_packages": [
      "sharrattj/coreutils"
    ],
    "include_webcs": [
      {
        "name": "sharrattj/coreutils@1.0.16"
      }
    ],
    "cli_args": [],
    "enable_threads": true,
    "enable_network": false
  },
  "result": {
    "Success": {
      "stdout": "(A1)\n(A2) r=10001\n(A3) r=10002\n(A4) r=10003\n",
      "stderr": "(B1)\n(B2) r=20001\n(B3) r=20002\n",
      "exit_code": 0
    }
  }
}
